created: /var/folders/3m/qr8bbl7x1l3b1c_jm3ssyhmc0000gn/T//orbitmorph-dmg-output.EUz9by/OrbitMorph.dmg
正在检查“Protective Master Boot Record（MBR：0）”的校验和…
Protective Master Boot Record（MBR：0）：已验证CRC32 $7CB7ADD6
正在检查“GPT Header（Primary GPT Header：1）”的校验和…
    GPT Header（Primary GPT Header：1）：已验证CRC32 $6189B679
正在检查“GPT Partition Data（Primary GPT Table：2）”的校验和…
GPT Partition Data（Primary GPT Table：已验证CRC32 $6CBA4BB6
正在检查“（Apple_Free：3）”的校验和…
                      （Apple_Free：3）：已验证CRC32 $00000000
正在检查“disk image（Apple_APFS：4）”的校验和…
            disk image（Apple_APFS：4）：已验证CRC32 $D7611BEC
正在检查“（Apple_Free：5）”的校验和…
                      （Apple_Free：5）：已验证CRC32 $00000000
正在检查“GPT Partition Data（Backup GPT Table：6）”的校验和…
GPT Partition Data（Backup GPT Table：：已验证CRC32 $6CBA4BB6
正在检查“GPT Header（Backup GPT Header：7）”的校验和…
     GPT Header（Backup GPT Header：7）：已验证CRC32 $3E57D566
已验证CRC32 $D69512CB
hdiutil: verify: checksum of "/Users/samni/Desktop/开发项目/file-trans/dist/OrbitMorph.dmg" is VALID
Created /Users/samni/Desktop/开发项目/file-trans/dist/OrbitMorph.dmg
/Users/samni/Desktop/开发项目/file-trans/dist/OrbitMorph.app: valid on disk
/Users/samni/Desktop/开发项目/file-trans/dist/OrbitMorph.app: satisfies its Designated Requirement
正在检查“Protective Master Boot Record（MBR：0）”的校验和…
Protective Master Boot Record（MBR：0）：已验证CRC32 $7CB7ADD6
正在检查“GPT Header（Primary GPT Header：1）”的校验和…
    GPT Header（Primary GPT Header：1）：已验证CRC32 $6189B679
正在检查“GPT Partition Data（Primary GPT Table：2）”的校验和…
GPT Partition Data（Primary GPT Table：已验证CRC32 $6CBA4BB6
正在检查“（Apple_Free：3）”的校验和…
                      （Apple_Free：3）：已验证CRC32 $00000000
正在检查“disk image（Apple_APFS：4）”的校验和…
            disk image（Apple_APFS：4）：已验证CRC32 $D7611BEC
正在检查“（Apple_Free：5）”的校验和…
                      （Apple_Free：5）：已验证CRC32 $00000000
正在检查“GPT Partition Data（Backup GPT Table：6）”的校验和…
GPT Partition Data（Backup GPT Table：：已验证CRC32 $6CBA4BB6
正在检查“GPT Header（Backup GPT Header：7）”的校验和…
     GPT Header（Backup GPT Header：7）：已验证CRC32 $3E57D566
已验证CRC32 $D69512CB
hdiutil: verify: checksum of "/Users/samni/Desktop/开发项目/file-trans/dist/OrbitMorph.dmg" is VALID
/var/folders/3m/qr8bbl7x1l3b1c_jm3ssyhmc0000gn/T//orbitmorph-dmg.LrGnxW/OrbitMorph.app: valid on disk
/var/folders/3m/qr8bbl7x1l3b1c_jm3ssyhmc0000gn/T//orbitmorph-dmg.LrGnxW/OrbitMorph.app: satisfies its Designated Requirement
verify-package: PASS
  bundle: /Users/samni/Desktop/开发项目/file-trans/dist/OrbitMorph.app
  arch: arm64
  DMG: /Users/samni/Desktop/开发项目/file-trans/dist/OrbitMorph.dmg
