[0/1] Planning build
Building for debugging...
[0/5] Write sources
[1/5] Write swift-version--58304C5D6DBC2206.txt
[3/5] Emitting module OrbitMorphAppTests
[4/5] Compiling OrbitMorphAppTests SampleResourceSafetyTests.swift
[4/6] Write Objects.LinkFileList
[5/6] Linking OrbitMorphPackageTests
Build complete! (2.34s)
Test Suite 'Selected tests' started at 2026-10-04 09:41:01.239.
Test Suite 'OrbitMorphPackageTests.xctest' started at 2026-10-04 09:41:01.242.
Test Suite 'SampleResourceSafetyTests' started at 2026-10-04 09:41:01.242.
Test Case '-[OrbitMorphAppTests.SampleResourceSafetyTests testMissingSourceIsReportedInsteadOfCreatingBrokenSample]' started.
Test Case '-[OrbitMorphAppTests.SampleResourceSafetyTests testMissingSourceIsReportedInsteadOfCreatingBrokenSample]' passed (0.002 seconds).
Test Case '-[OrbitMorphAppTests.SampleResourceSafetyTests testTutorialSamplesAreWritableCopiesAndNeverWriteIntoSourceBundle]' started.
Test Case '-[OrbitMorphAppTests.SampleResourceSafetyTests testTutorialSamplesAreWritableCopiesAndNeverWriteIntoSourceBundle]' passed (0.742 seconds).
Test Suite 'SampleResourceSafetyTests' passed at 2026-10-04 09:41:01.986.
	 Executed 2 tests, with 0 failures (0 unexpected) in 0.744 (0.744) seconds
Test Suite 'OrbitMorphPackageTests.xctest' passed at 2026-10-04 09:41:01.986.
	 Executed 2 tests, with 0 failures (0 unexpected) in 0.744 (0.744) seconds
Test Suite 'Selected tests' passed at 2026-10-04 09:41:01.986.
	 Executed 2 tests, with 0 failures (0 unexpected) in 0.744 (0.747) seconds
◇ Test run started.
↳ Testing Library Version: 1902
↳ Target Platform: arm64e-apple-macos14.0
✔ Test run with 0 tests in 0 suites passed after 0.001 seconds.
